###############################################################################
#
# IAR ELF Linker V5.10.3.2716/W64 for RL78                29/Jul/2024  15:28:35
# Copyright 2011-2023 IAR Systems AB.
#
#    Output file  =
#        D:\stellantis\LIN\code\an_r01an1840ed0102_rl78f13f14_lin\RL78_F13F14_LIN_Slave\Debug\Exe\RL78_RLIN_Slave.out
#    Map file     =
#        D:\stellantis\LIN\code\an_r01an1840ed0102_rl78f13f14_lin\RL78_F13F14_LIN_Slave\Debug\List\RL78_RLIN_Slave.map
#    Command line =
#        -f
#        D:\stellantis\LIN\code\an_r01an1840ed0102_rl78f13f14_lin\RL78_F13F14_LIN_Slave\Debug\Exe\RL78_RLIN_Slave.out.rsp
#        (D:\stellantis\LIN\code\an_r01an1840ed0102_rl78f13f14_lin\RL78_F13F14_LIN_Slave\Debug\Obj\src\RLIN_cgc.o
#        D:\stellantis\LIN\code\an_r01an1840ed0102_rl78f13f14_lin\RL78_F13F14_LIN_Slave\Debug\Obj\src\RLIN_cgc_user.o
#        D:\stellantis\LIN\code\an_r01an1840ed0102_rl78f13f14_lin\RL78_F13F14_LIN_Slave\Debug\Obj\src\RLIN_driver.o
#        D:\stellantis\LIN\code\an_r01an1840ed0102_rl78f13f14_lin\RL78_F13F14_LIN_Slave\Debug\Obj\src\RLIN_driver_user.o
#        D:\stellantis\LIN\code\an_r01an1840ed0102_rl78f13f14_lin\RL78_F13F14_LIN_Slave\Debug\Obj\src\RLIN_main.o
#        D:\stellantis\LIN\code\an_r01an1840ed0102_rl78f13f14_lin\RL78_F13F14_LIN_Slave\Debug\Obj\src\RLIN_port.o
#        D:\stellantis\LIN\code\an_r01an1840ed0102_rl78f13f14_lin\RL78_F13F14_LIN_Slave\Debug\Obj\src\RLIN_systeminit.o
#        D:\stellantis\LIN\code\an_r01an1840ed0102_rl78f13f14_lin\RL78_F13F14_LIN_Slave\Debug\Obj\src\RLIN_timer.o
#        D:\stellantis\LIN\code\an_r01an1840ed0102_rl78f13f14_lin\RL78_F13F14_LIN_Slave\Debug\Obj\src\RLIN_timer_user.o
#        D:\stellantis\LIN\code\an_r01an1840ed0102_rl78f13f14_lin\RL78_F13F14_LIN_Slave\Debug\Obj\src\RLIN_wdt.o
#        --no_out_extension -o
#        D:\stellantis\LIN\code\an_r01an1840ed0102_rl78f13f14_lin\RL78_F13F14_LIN_Slave\Debug\Exe\RL78_RLIN_Slave.out
#        --config_def __RESERVE_OCD_ROM=1 --config_def
#        __RESERVE_OCD_TRACE_RAM=0 --config_def __RESERVE_HOTPLUGIN_RAM=0 --map
#        D:\stellantis\LIN\code\an_r01an1840ed0102_rl78f13f14_lin\RL78_F13F14_LIN_Slave\Debug\List\RL78_RLIN_Slave.map
#        --config D:\IAR\rl78\config\lnkr5f10bmg.icf --config_def
#        _STACK_SIZE=128 --config_def _NEAR_HEAP_SIZE=256 --config_def
#        _FAR_HEAP_SIZE=4096 --config_def _HUGE_HEAP_SIZE=0 --define_symbol
#        _NEAR_CONST_LOCATION=0 --config_def _NEAR_CONST_LOCATION_START=0x2000
#        --config_def _NEAR_CONST_LOCATION_SIZE=0xBF00 --redirect
#        ?UC_DIV_L01=HWDIV_8_8_8 --redirect ?UC_MOD_L01=HWMOD_8_8_8 --redirect
#        ?SC_DIV_L01=HWSDIV_8_8_8 --redirect ?SC_MOD_L01=HWSMOD_8_8_8
#        --redirect ?SI_DIV_L02=HWSDIV_16_16_16 --redirect
#        ?SI_MOD_L02=HWSMOD_16_16_16 --redirect ?SL_DIV_L03=HWSDIV_32_32_32
#        --redirect ?SL_MOD_L03=HWSMOD_32_32_32 --redirect
#        __Mul64=HWMUL_64_64_64 --redirect __Divs64=HWSDIV_64_64_64 --redirect
#        __Divu64=HWDIV_64_64_64 --redirect __Mods64=HWSMOD_64_64_64 --redirect
#        __Modu64=HWMOD_64_64_64 --vfe --entry __iar_program_start --debug_lib
#        --text_out locale)
#
###############################################################################

*******************************************************************************
*** RUNTIME MODEL ATTRIBUTES
***

__SystemLibrary            = DLib
__calling_convention       = v2
__code_model               = near
__core                     = s3
__data_model               = near
__dlib_full_locale_support = 0
__dlib_version             = 6
__double_size              = 32
__far_rt_calls             = false
__near_const               = rom0
__rt_version               = 2


*******************************************************************************
*** RESERVED RANGES
***

Ranges reserved by mirroring and reserve directives:

      From        To    Size
      ----        --    ----
  0x1'fe00  0x1'ffff   0x200
  0xf'2000  0xf'deff  0xbf00


*******************************************************************************
*** PLACEMENT SUMMARY
***

"RESET":
       place at address 0x0 { ro section .reset };
"VECTOR":
       place at address 0x4 { ro section .intvec };
define block OPT_BYTE
   with size = 4 { R_OPT_BYTE, ro section .option_byte, ro section OPTBYTE };
"A2":  place at address 0xc0 { block OPT_BYTE };
define block SECUR_ID
   with size = 10 { R_SECUR_ID, ro section .security_id, ro section SECUID };
"A3":  place at address 0xc4 { block SECUR_ID };
"ROMNEAR":
       place in [from 0xd8 to 0xffff] { R_TEXT, ro section .text };
define block INIT_ARRAY
   with fixed order, alignment = 2 {
      ro section .preinit_array, ro section .init_array };
define block INIT_ARRAY_TLS
   with fixed order, alignment = 2 {
      ro section .preinit_array_tls, ro section .init_array_tls };
define block MIRROR_AREA { };
"ROMFAR":
       place in [from 0xd8 to 0xffff] |
                [from 0x1'0000 to 0x1'ffff] {
          block INIT_ARRAY, block INIT_ARRAY_TLS, block MIRROR_AREA,
          R_TEXTF_UNIT64KP, ro section .textf_unit64kp, ro section .constf,
          ro section .switchf, ro };
"ROMHUGE":
       place in [from 0xd8 to 0x1'ffff] {
          ro section .consth, R_TEXTF, ro section .textf };
define block NEAR_HEAP with size = 256, alignment = 2 { };
define block CSTACK with size = 128, alignment = 2 { rw section CSTACK };
"RAMNEAR":
       place in [from 0xf'df00 to 0xf'fe1f] {
          block NEAR_HEAP, block CSTACK, zi section .iar.dynexit, R_DATA,
          rw section .data, R_BSS, rw section .bss*, rw };
"SADDRMEM":
       place in [from 0xf'fe20 to 0xf'fedf] {
          rw section .sdata, R_SDATA, rw section .sbss*, R_SBSS,
          rw section .wrkseg };
reserve region "OCD ROM area" = [from 0x1'fe00 to 0x1'ffff];
initialize by copy with simple ranges {
   rw, R_DATA, R_BSS, R_DATAF, R_BSSF, R_SDATA, R_SBSS };

No sections matched the following patterns:

  R_BSS                          in "RAMNEAR"
  R_BSSF                         in "RAMFAR"
  R_CALLT0                       in "CALLT"
  R_DATA                         in "RAMNEAR"
  R_DATAF                        in "RAMFAR"
  R_OPT_BYTE                     in block OPT_BYTE
  R_SBSS                         in "SADDRMEM"
  R_SDATA                        in "SADDRMEM"
  R_SECUR_ID                     in block SECUR_ID
  R_TEXT                         in "ROMNEAR"
  R_TEXTF                        in "ROMHUGE"
  R_TEXTF_UNIT64KP               in "ROMFAR"
  ro R_CONST_init                in "MIRROR"
  ro section .callt0             in "CALLT"
  ro section .const              in "MIRROR"
  ro section .constf             in "ROMFAR"
  ro section .consth             in "ROMHUGE"
  ro section .init_array         in block INIT_ARRAY
  ro section .init_array_tls     in block INIT_ARRAY_TLS
  ro section .option_byte        in block OPT_BYTE
  ro section .preinit_array      in block INIT_ARRAY
  ro section .preinit_array_tls  in block INIT_ARRAY_TLS
  ro section .security_id        in block SECUR_ID
  ro section .switch             in "MIRROR"
  ro section .switchf            in "ROMFAR"
  ro section .textf_unit64kp     in "ROMFAR"
  rw section .bss_unit64kp       in "RAMFAR"
  rw section .bssf*              in "RAMFAR"
  rw section .data_unit64kp      in "RAMFAR"
  rw section .dataf              in "RAMFAR"
  rw section .hbss*              in "RAMHUGE"
  rw section .hdata              in "RAMHUGE"
  rw section .sbss*              in "SADDRMEM"
  rw section .sdata              in "SADDRMEM"
  zi section .iar.dynexit        in "RAMNEAR"


  Section            Kind      Address   Size  Object
  -------            ----      -------   ----  ------
"RESET":                                  0x2
  .reset             const         0x0    0x2  interrupt_vector.o [3]
                                 - 0x2    0x2

"VECTOR":                                0x7c
  .intvec            const         0x4   0x7c  interrupt_vector.o [3]
                                - 0x80   0x7c

"A2":                                     0x4
  OPT_BYTE                        0xc0    0x4  <Block>
    OPTBYTE          const        0xc0    0x1  RLIN_main.o [1]
    OPTBYTE          const        0xc1    0x1  RLIN_main.o [1]
    OPTBYTE          const        0xc2    0x1  RLIN_main.o [1]
    OPTBYTE          const        0xc3    0x1  RLIN_main.o [1]
                                - 0xc4    0x4

"A3":                                     0xa
  SECUR_ID                        0xc4    0xa  <Block>
    SECUID           const        0xc4    0xa  RLIN_main.o [1]
                                - 0xce    0xa

"ROMNEAR":                              0x394
  .text              ro code      0xd8   0xf4  RLIN_driver.o [1]
  .text              ro code     0x1cc   0xc4  RLIN_driver_user.o [1]
  .text              ro code     0x290   0x83  RLIN_timer.o [1]
  .text              ro code     0x313   0x4e  RLIN_cgc.o [1]
  .text              ro code     0x361   0x40  RLIN_systeminit.o [1]
  .text              ro code     0x3a1   0x3a  cstartup.o [3]
  .text              ro code     0x3db   0x1b  RLIN_main.o [1]
  .text              ro code     0x3f6   0x19  RLIN_port.o [1]
  .text              ro code     0x40f   0x16  RLIN_timer_user.o [1]
  .text              ro code     0x425   0x13  default_handler.o [3]
  .text              ro code     0x438   0x11  __dbg_xxexit.o [2]
  .text              ro code     0x449    0xb  RLIN_wdt.o [1]
  .text              ro code     0x454    0xa  __dbg_abort.o [2]
  .text              ro code     0x45e    0x5  cexit.o [3]
  .text              ro code     0x463    0x3  RLIN_cgc_user.o [1]
  .text              ro code     0x466    0x3  exit.o [3]
  .text              ro code     0x469    0x3  __dbg_break.o [2]
                               - 0x46c  0x394

"ROMFAR":                                0x27
  .iar.init_table    const       0x46c    0xc  - Linker created -
  Initializer bytes  const       0x478   0x1b  <for RAMNEAR-1>
                               - 0x493   0x27

"ROMHUGE":                               0x9d
  .textf             ro code     0x493   0x5c  near_copy_init.o [3]
  .textf             ro code     0x4ef   0x41  data_init.o [3]
                               - 0x530   0x9d

Absolute sections, part 1 of 32:          0x8
  .bss.noinit        uninit   0xf'0016    0x1  RLIN_systeminit.o [1]
  .bss.noinit        uninit   0xf'0017    0x1  RLIN_systeminit.o [1]
  .bss.noinit        uninit   0xf'0018    0x1  RLIN_systeminit.o [1]
  .bss.noinit        uninit   0xf'0019    0x1  RLIN_systeminit.o [1]
  .bss.noinit        uninit   0xf'001a    0x1  RLIN_systeminit.o [1]
  .bss.noinit        uninit   0xf'001b    0x1  RLIN_systeminit.o [1]
  .bss.noinit        uninit   0xf'001c    0x1  RLIN_systeminit.o [1]
  .bss.noinit        uninit   0xf'001d    0x1  RLIN_systeminit.o [1]
                            - 0xf'001e    0x8

Absolute sections, part 2 of 32:          0x1
  .bss.noinit        uninit   0xf'0031    0x1  RLIN_port.o [1]
                            - 0xf'0032    0x1

Absolute sections, part 3 of 32:          0x1
  .bss.noinit        uninit   0xf'0073    0x1  RLIN_driver.o [1]
                            - 0xf'0074    0x1

Absolute sections, part 4 of 32:          0x2
  .bss.noinit        uninit   0xf'0077    0x1  RLIN_port.o [1]
  .bss.noinit        uninit   0xf'0078    0x1  RLIN_systeminit.o [1]
                            - 0xf'0079    0x2

Absolute sections, part 5 of 32:          0x1
  .bss.noinit        uninit   0xf'007b    0x1  RLIN_driver.o [1]
                            - 0xf'007c    0x1

Absolute sections, part 6 of 32:          0x1
  .bss.noinit        uninit   0xf'00f0    0x1  RLIN_timer.o [1]
                            - 0xf'00f1    0x1

Absolute sections, part 7 of 32:          0x1
  .bss.noinit        uninit   0xf'00f3    0x1  RLIN_cgc.o [1]
                            - 0xf'00f4    0x1

Absolute sections, part 8 of 32:          0x2
  .bss.noinit        uninit   0xf'0190    0x2  RLIN_timer.o [1]
                            - 0xf'0192    0x2

Absolute sections, part 9 of 32:          0xa
  .bss.noinit        uninit   0xf'01b2    0x2  RLIN_timer.o [1]
  .bss.noinit        uninit   0xf'01b4    0x2  RLIN_timer.o [1]
  .bss.noinit        uninit   0xf'01b6    0x2  RLIN_timer.o [1]
  .bss.noinit        uninit   0xf'01b8    0x2  RLIN_timer.o [1]
  .bss.noinit        uninit   0xf'01ba    0x2  RLIN_timer.o [1]
                            - 0xf'01bc    0xa

Absolute sections, part 10 of 32:         0x2
  .bss.noinit        uninit   0xf'022a    0x2  RLIN_timer.o [1]
                            - 0xf'022c    0x2

Absolute sections, part 11 of 32:         0x1
  .bss.noinit        uninit   0xf'02c1    0x1  RLIN_driver.o [1]
                            - 0xf'02c2    0x1

Absolute sections, part 12 of 32:         0x6
  .bss.noinit        uninit   0xf'02c3    0x1  RLIN_driver.o [1]
  .bss.noinit        uninit   0xf'02c4    0x1  RLIN_cgc.o [1]
  .bss.noinit        uninit   0xf'02c5    0x1  RLIN_cgc.o [1]
  .bss.noinit        uninit   0xf'02c6    0x1  RLIN_cgc.o [1]
  .bss.noinit        uninit   0xf'02c7    0x1  RLIN_cgc.o [1]
  .bss.noinit        uninit   0xf'02c8    0x1  RLIN_cgc.o [1]
                            - 0xf'02c9    0x6

Absolute sections, part 13 of 32:         0x1
  .bss.noinit        uninit   0xf'02f0    0x1  RLIN_systeminit.o [1]
                            - 0xf'02f1    0x1

Absolute sections, part 14 of 32:         0x3
  .bss.noinit        uninit   0xf'06c1    0x1  RLIN_driver.o [1]
  .bss.noinit        uninit   0xf'06c2    0x2  RLIN_driver.o [1]
                            - 0xf'06c4    0x3

Absolute sections, part 15 of 32:         0x7
  .bss.noinit        uninit   0xf'06c8    0x1  RLIN_driver.o [1]
  .bss.noinit        uninit   0xf'06c9    0x1  RLIN_driver.o [1]
  .bss.noinit        uninit   0xf'06ca    0x1  RLIN_driver.o [1]
  .bss.noinit        uninit   0xf'06cb    0x1  RLIN_driver.o [1]
  .bss.noinit        uninit   0xf'06cc    0x1  RLIN_driver.o [1]
  .bss.noinit        uninit   0xf'06cd    0x1  RLIN_driver.o [1]
  .bss.noinit        uninit   0xf'06ce    0x1  RLIN_driver.o [1]
                            - 0xf'06cf    0x7

Absolute sections, part 16 of 32:         0x1
  .bss.noinit        uninit   0xf'06d0    0x1  RLIN_driver.o [1]
                            - 0xf'06d1    0x1

Absolute sections, part 17 of 32:         0x1
  .bss.noinit        uninit   0xf'06d2    0x1  RLIN_driver_user.o [1]
                            - 0xf'06d3    0x1

Absolute sections, part 18 of 32:         0x2
  .bss.noinit        uninit   0xf'06d4    0x1  RLIN_driver.o [1]
  .bss.noinit        uninit   0xf'06d5    0x1  RLIN_driver.o [1]
                            - 0xf'06d6    0x2

"RAMNEAR":                               0x9c
  RAMNEAR-1                   0xf'df00   0x1b  <Init block>
    .data            inited   0xf'df00    0x2  RLIN_driver_user.o [1]
    .bss             inited   0xf'df02    0x8  RLIN_driver_user.o [1]
    .bss             inited   0xf'df0a    0x8  RLIN_driver_user.o [1]
    .bss             inited   0xf'df12    0x8  RLIN_driver_user.o [1]
    .bss             inited   0xf'df1a    0x1  RLIN_driver_user.o [1]
  CSTACK                      0xf'df1c   0x80  <Block>
    CSTACK           rw data  0xf'df1c    0x0  cstartup.o [3]
    CSTACK           uninit   0xf'df1c   0x80  <Block tail>
                            - 0xf'df9c   0x9c

Absolute sections, part 19 of 32:       0x230
  .bss.noinit        uninit   0xf'e300  0x200  RLIN_main.o [1]
  .bss.noinit        uninit   0xf'e500   0x30  RLIN_main.o [1]
                            - 0xf'e530  0x230

"SADDRMEM":                               0x0
  .wrkseg            rw data  0xf'fe20    0x0  cstartup.o [3]

Absolute sections, part 20 of 32:         0x1
  .sbss.noinit       uninit   0xf'ff01    0x1  RLIN_port.o [1]
                            - 0xf'ff02    0x1

Absolute sections, part 21 of 32:         0x2
  .sbss.noinit       uninit   0xf'ff05    0x1  RLIN_main.o [1]
  .sbss.noinit       uninit   0xf'ff06    0x1  RLIN_driver_user.o [1]
                            - 0xf'ff07    0x2

Absolute sections, part 22 of 32:         0x2
  .sbss.noinit       uninit   0xf'ff18    0x2  RLIN_timer.o [1]
                            - 0xf'ff1a    0x2

Absolute sections, part 23 of 32:         0x1
  .bss.noinit        uninit   0xf'ff21    0x1  RLIN_port.o [1]
                            - 0xf'ff22    0x1

Absolute sections, part 24 of 32:         0x2
  .bss.noinit        uninit   0xf'ff25    0x1  RLIN_port.o [1]
  .bss.noinit        uninit   0xf'ff26    0x1  RLIN_port.o [1]
                            - 0xf'ff27    0x2

Absolute sections, part 25 of 32:         0x5
  .bss.noinit        uninit   0xf'ffa0    0x1  RLIN_cgc.o [1]
  .bss.noinit        uninit   0xf'ffa1    0x1  RLIN_cgc.o [1]
  .bss.noinit        uninit   0xf'ffa2    0x1  RLIN_cgc.o [1]
  .bss.noinit        uninit   0xf'ffa3    0x1  RLIN_cgc.o [1]
  .bss.noinit        uninit   0xf'ffa4    0x1  RLIN_cgc.o [1]
                            - 0xf'ffa5    0x5

Absolute sections, part 26 of 32:         0x1
  .bss.noinit        uninit   0xf'ffa8    0x1  RLIN_cgc_user.o [1]
                            - 0xf'ffa9    0x1

Absolute sections, part 27 of 32:         0x1
  .bss.noinit        uninit   0xf'ffab    0x1  RLIN_wdt.o [1]
                            - 0xf'ffac    0x1

Absolute sections, part 28 of 32:         0x2
  .bss.noinit        uninit   0xf'ffd0    0x2  RLIN_driver.o [1]
                            - 0xf'ffd2    0x2

Absolute sections, part 29 of 32:         0x2
  .bss.noinit        uninit   0xf'ffd4    0x2  RLIN_driver.o [1]
                            - 0xf'ffd6    0x2

Absolute sections, part 30 of 32:         0x8
  .bss.noinit        uninit   0xf'ffe0    0x2  RLIN_driver.o [1]
  .bss.noinit        uninit   0xf'ffe2    0x2  RLIN_driver.o [1]
  .bss.noinit        uninit   0xf'ffe4    0x2  RLIN_driver.o [1]
  .bss.noinit        uninit   0xf'ffe6    0x2  RLIN_driver.o [1]
                            - 0xf'ffe8    0x8

Absolute sections, part 31 of 32:         0x2
  .bss.noinit        uninit   0xf'ffea    0x2  RLIN_timer.o [1]
                            - 0xf'ffec    0x2

Absolute sections, part 32 of 32:         0x2
  .bss.noinit        uninit   0xf'ffee    0x2  RLIN_timer.o [1]
                            - 0xf'fff0    0x2

Unused ranges:

      From        To      Size
      ----        --      ----
     0x530  0x1'fdff  0x1'f8d0
  0xf'df9c  0xf'e2ff     0x364
  0xf'e530  0xf'fe1f    0x18f0
  0xf'fe20  0xf'fedf      0xc0


*******************************************************************************
*** INIT TABLE
***

          Address   Size
          -------   ----
Copy (___iar_copy_init_near2)
    1 source range, total size 0x1b:
             0x478  0x1b
    1 destination range, total size 0x1b:
          0xf'df00  0x1b



*******************************************************************************
*** MODULE SUMMARY
***

    Module              ro code  ro data  rw data  rw data
                                                    (abs)
    ------              -------  -------  -------  -------
command line/config:
    ------------------------------------------------------
    Total:

D:\stellantis\LIN\code\an_r01an1840ed0102_rl78f13f14_lin\RL78_F13F14_LIN_Slave\Debug\Obj\src: [1]
    RLIN_cgc.o               78                         11
    RLIN_cgc_user.o           3                          1
    RLIN_driver.o           244                         29
    RLIN_driver_user.o      196       27       27        2
    RLIN_main.o              27       14               561
    RLIN_port.o              25                          6
    RLIN_systeminit.o        64                         10
    RLIN_timer.o            131                         21
    RLIN_timer_user.o        22
    RLIN_wdt.o               11                          1
    ------------------------------------------------------
    Total:                  801       41       27      642

dbgrlnnf23nd.a: [2]
    __dbg_abort.o            10
    __dbg_break.o             3
    __dbg_xxexit.o           17
    ------------------------------------------------------
    Total:                   30

dlrlnnf23n.a: [3]
    cexit.o                   5
    cstartup.o               58
    data_init.o              65
    default_handler.o        19
    exit.o                    3
    interrupt_vector.o               126
    near_copy_init.o         92
    ------------------------------------------------------
    Total:                  242      126

    Linker created                    12      128
----------------------------------------------------------
    Grand Total:          1'073      179      155      642


*******************************************************************************
*** ENTRY LIST
***

Entry                    Address   Size  Type      Object
-----                    -------   ----  ----      ------
.iar.init_table$$Base      0x46c          --   Gb  - Linker created -
.iar.init_table$$Limit     0x478          --   Gb  - Linker created -
CSTACK$$Base            0xf'df1c          --   Gb  - Linker created -
CSTACK$$Limit           0xf'df9c          --   Gb  - Linker created -
OPT_BYTE$$Base              0xc0          --   Gb  - Linker created -
OPT_BYTE$$Limit             0xc4          --   Gb  - Linker created -
Region$$Table$$Base        0x46c          --   Gb  - Linker created -
Region$$Table$$Limit       0x478          --   Gb  - Linker created -
SECUR_ID$$Base              0xc4          --   Gb  - Linker created -
SECUR_ID$$Limit             0xce          --   Gb  - Linker created -
_Clear_DataBuffer          0x18d   0x16  Code  Gb  RLIN_driver.o [1]
_GetIDbuffer            0xf'df1a    0x1  Data  Gb  RLIN_driver_user.o [1]
_Get_reponse_RxData        0x1a3   0x29  Code  Gb  RLIN_driver.o [1]
_NEAR_CONST_LOCATION {Abs}
                             0x0         Data  Gb  <internal module>
_RLIN0_Reception_interrupt
                           0x1d9   0xa9  Code  Lc  RLIN_driver_user.o [1]
_RLIN0_Status_interrupt
                           0x282    0x2  Code  Lc  RLIN_driver_user.o [1]
_RLIN0_Transmission_interrupt
                           0x1cc    0xd  Code  Lc  RLIN_driver_user.o [1]
_RLIN0_Wakeup_interrupt
                           0x284    0xc  Code  Lc  RLIN_driver_user.o [1]
_RLIN_Slave_HeaderReceive
                           0x131    0xc  Code  Gb  RLIN_driver.o [1]
_RLIN_Slave_Init            0xd8   0x59  Code  Gb  RLIN_driver.o [1]
_RLIN_Slave_NoResponse     0x188    0x5  Code  Gb  RLIN_driver.o [1]
_RLIN_Slave_Receive        0x172   0x16  Code  Gb  RLIN_driver.o [1]
_RLIN_Slave_Transmit       0x13d   0x35  Code  Gb  RLIN_driver.o [1]
_R_CGC_Create              0x313   0x4e  Code  Gb  RLIN_cgc.o [1]
_R_CGC_Get_ResetSource     0x463    0x3  Code  Gb  RLIN_cgc_user.o [1]
_R_MAIN_UserInit           0x3ef    0x7  Code  Gb  RLIN_main.o [1]
_R_PORT_Create             0x3f6   0x19  Code  Gb  RLIN_port.o [1]
_R_Systeminit              0x361   0x38  Code  Gb  RLIN_systeminit.o [1]
_R_TAU0_Channel0_Start     0x2fd    0xb  Code  Gb  RLIN_timer.o [1]
_R_TAU0_Channel0_Stop      0x308    0xb  Code  Gb  RLIN_timer.o [1]
_R_TAU0_Create             0x290   0x6d  Code  Gb  RLIN_timer.o [1]
_R_WDT_Create              0x449    0x7  Code  Gb  RLIN_wdt.o [1]
_R_WDT_Restart             0x450    0x4  Code  Gb  RLIN_wdt.o [1]
_Slave_RxData1          0xf'df02    0x8  Data  Gb  RLIN_driver_user.o [1]
_Slave_RxData2          0xf'df0a    0x8  Data  Gb  RLIN_driver_user.o [1]
_Slave_RxData3          0xf'df12    0x8  Data  Gb  RLIN_driver_user.o [1]
_Slave_TxData           0xf'df00    0x2  Data  Gb  RLIN_driver_user.o [1]
__A_CKC                 0xf'ffa4    0x1  Data  Wk  RLIN_cgc.o [1]
__A_CKSEL               0xf'02c4    0x1  Data  Wk  RLIN_cgc.o [1]
__A_CMC                 0xf'ffa0    0x1  Data  Wk  RLIN_cgc.o [1]
__A_CRC0CTL             0xf'02f0    0x1  Data  Wk  RLIN_systeminit.o [1]
__A_CSC                 0xf'ffa1    0x1  Data  Wk  RLIN_cgc.o [1]
__A_IAWCTL              0xf'0078    0x1  Data  Wk  RLIN_systeminit.o [1]
__A_IF0                 0xf'ffe0    0x2  Data  Wk  RLIN_driver.o [1]
__A_IF1                 0xf'ffe2    0x2  Data  Wk  RLIN_driver.o [1]
__A_IF2                 0xf'ffd0    0x2  Data  Wk  RLIN_driver.o [1]
__A_ISC                 0xf'0073    0x1  Data  Wk  RLIN_driver.o [1]
__A_LBFC0               0xf'06c9    0x1  Data  Wk  RLIN_driver.o [1]
__A_LBRP0               0xf'06c2    0x2  Data  Wk  RLIN_driver.o [1]
__A_LCHSEL              0xf'007b    0x1  Data  Wk  RLIN_driver.o [1]
__A_LCUC0               0xf'06ce    0x1  Data  Wk  RLIN_driver.o [1]
__A_LDFC0               0xf'06d4    0x1  Data  Wk  RLIN_driver.o [1]
__A_LEDE0               0xf'06cd    0x1  Data  Wk  RLIN_driver.o [1]
__A_LIDB0               0xf'06d5    0x1  Data  Wk  RLIN_driver.o [1]
__A_LIE0                0xf'06cc    0x1  Data  Wk  RLIN_driver.o [1]
__A_LINCKSEL            0xf'02c3    0x1  Data  Wk  RLIN_driver.o [1]
__A_LMD0                0xf'06c8    0x1  Data  Wk  RLIN_driver.o [1]
__A_LSC0                0xf'06ca    0x1  Data  Wk  RLIN_driver.o [1]
__A_LST0                0xf'06d2    0x1  Data  Wk  RLIN_driver_user.o [1]
__A_LTRC0               0xf'06d0    0x1  Data  Wk  RLIN_driver.o [1]
__A_LWBR0               0xf'06c1    0x1  Data  Wk  RLIN_driver.o [1]
__A_LWUP0               0xf'06cb    0x1  Data  Wk  RLIN_driver.o [1]
__A_MDIV                0xf'02c7    0x1  Data  Wk  RLIN_cgc.o [1]
__A_MK0                 0xf'ffe4    0x2  Data  Wk  RLIN_driver.o [1]
__A_MK1                 0xf'ffe6    0x2  Data  Wk  RLIN_driver.o [1]
__A_MK2                 0xf'ffd4    0x2  Data  Wk  RLIN_driver.o [1]
__A_OSMC                0xf'00f3    0x1  Data  Wk  RLIN_cgc.o [1]
__A_OSTC                0xf'ffa2    0x1  Data  Wk  RLIN_cgc.o [1]
__A_OSTS                0xf'ffa3    0x1  Data  Wk  RLIN_cgc.o [1]
__A_P1                  0xf'ff01    0x1  Data  Wk  RLIN_port.o [1]
__A_P5                  0xf'ff05    0x1  Data  Wk  RLIN_main.o [1]
__A_P6                  0xf'ff06    0x1  Data  Wk  RLIN_driver_user.o [1]
__A_PER0                0xf'00f0    0x1  Data  Wk  RLIN_timer.o [1]
__A_PER2                0xf'02c1    0x1  Data  Wk  RLIN_driver.o [1]
__A_PIOR0               0xf'0016    0x1  Data  Wk  RLIN_systeminit.o [1]
__A_PIOR1               0xf'0017    0x1  Data  Wk  RLIN_systeminit.o [1]
__A_PIOR2               0xf'0018    0x1  Data  Wk  RLIN_systeminit.o [1]
__A_PIOR3               0xf'0019    0x1  Data  Wk  RLIN_systeminit.o [1]
__A_PIOR4               0xf'001a    0x1  Data  Wk  RLIN_systeminit.o [1]
__A_PIOR5               0xf'001b    0x1  Data  Wk  RLIN_systeminit.o [1]
__A_PIOR6               0xf'001c    0x1  Data  Wk  RLIN_systeminit.o [1]
__A_PIOR7               0xf'001d    0x1  Data  Wk  RLIN_systeminit.o [1]
__A_PLLCTL              0xf'02c5    0x1  Data  Wk  RLIN_cgc.o [1]
__A_PLLSTS              0xf'02c6    0x1  Data  Wk  RLIN_cgc.o [1]
__A_PM1                 0xf'ff21    0x1  Data  Wk  RLIN_port.o [1]
__A_PM5                 0xf'ff25    0x1  Data  Wk  RLIN_port.o [1]
__A_PM6                 0xf'ff26    0x1  Data  Wk  RLIN_port.o [1]
__A_PMS                 0xf'0077    0x1  Data  Wk  RLIN_port.o [1]
__A_PR01                0xf'ffea    0x2  Data  Wk  RLIN_timer.o [1]
__A_PR11                0xf'ffee    0x2  Data  Wk  RLIN_timer.o [1]
__A_PU1                 0xf'0031    0x1  Data  Wk  RLIN_port.o [1]
__A_PWMDLY1             0xf'022a    0x2  Data  Wk  RLIN_timer.o [1]
__A_RESF                0xf'ffa8    0x1  Data  Wk  RLIN_cgc_user.o [1]
__A_RTCCL               0xf'02c8    0x1  Data  Wk  RLIN_cgc.o [1]
__A_TDR00               0xf'ff18    0x2  Data  Wk  RLIN_timer.o [1]
__A_TMR00               0xf'0190    0x2  Data  Wk  RLIN_timer.o [1]
__A_TO0                 0xf'01b8    0x2  Data  Wk  RLIN_timer.o [1]
__A_TOE0                0xf'01ba    0x2  Data  Wk  RLIN_timer.o [1]
__A_TPS0                0xf'01b6    0x2  Data  Wk  RLIN_timer.o [1]
__A_TS0                 0xf'01b2    0x2  Data  Wk  RLIN_timer.o [1]
__A_TT0                 0xf'01b4    0x2  Data  Wk  RLIN_timer.o [1]
__A_WDTE                0xf'ffab    0x1  Data  Wk  RLIN_wdt.o [1]
___DebugBreak              0x469    0x3  Code  Gb  __dbg_break.o [2]
___exit                    0x438   0x11  Code  Gb  __dbg_xxexit.o [2]
___iar_copy_init_near2     0x493   0x5c  Code  Gb  near_copy_init.o [3]
___iar_data_init2          0x4ef   0x41  Code  Gb  data_init.o [3]
___iar_default_interrupt_handler
                           0x425   0x13  Code  Lc  default_handler.o [3]
___interrupt_0x22          0x1cc         Code  Gb  RLIN_driver_user.o [1]
___interrupt_0x24          0x1d9         Code  Gb  RLIN_driver_user.o [1]
___interrupt_0x26          0x282         Code  Gb  RLIN_driver_user.o [1]
___interrupt_0x2C          0x40f         Code  Gb  RLIN_timer_user.o [1]
___interrupt_0x4A          0x284         Code  Gb  RLIN_driver_user.o [1]
___low_level_init          0x399    0x8  Code  Gb  RLIN_systeminit.o [1]
__exit                     0x45e         Code  Gb  cexit.o [3]
__iar_exit_end             0x463         Code  Gb  cexit.o [3]
__iar_program_start        0x3a1         Code  Gb  cstartup.o [3]
__link_file_version_2 {Abs}
                             0x1         Data  Gb  <internal module>
__program_end              0x3db         Code  Gb  cstartup.o [3]
_abort                     0x454    0xa  Code  Gb  __dbg_abort.o [2]
_exit                      0x466    0x3  Code  Gb  exit.o [3]
_hotpluginram           0xf'e500   0x30  Data  Wk  RLIN_main.o [1]
_interrupt_vector_table
                             0x0         Data  Gb  interrupt_vector.o [3]
_main                      0x3db   0x14  Code  Gb  RLIN_main.o [1]
_ocdtraceram            0xf'e300  0x200  Data  Wk  RLIN_main.o [1]
_opbyte0                    0xc0    0x1  Data  Gb  RLIN_main.o [1]
_opbyte1                    0xc1    0x1  Data  Gb  RLIN_main.o [1]
_opbyte2                    0xc2    0x1  Data  Gb  RLIN_main.o [1]
_opbyte3                    0xc3    0x1  Data  Gb  RLIN_main.o [1]
_r_tau0_channel0_interrupt
                           0x40f   0x16  Code  Lc  RLIN_timer_user.o [1]
_secuid                     0xc4    0xa  Data  Gb  RLIN_main.o [1]


[1] = D:\stellantis\LIN\code\an_r01an1840ed0102_rl78f13f14_lin\RL78_F13F14_LIN_Slave\Debug\Obj\src
[2] = dbgrlnnf23nd.a
[3] = dlrlnnf23n.a

  1'073 bytes of readonly  code memory
    179 bytes of readonly  data memory
    155 bytes of readwrite data memory (+ 642 absolute)

Errors: none
Warnings: none
